Archive member included to satisfy reference by file (symbol)

c:/program files (x86)/atmel/studio/7.0/toolchain/avr8/avr8-gnu-toolchain/bin/../lib/gcc/avr/5.4.0/avr5\libgcc.a(_exit.o)
                              C:/Program Files (x86)/Atmel/Studio/7.0/Packs/atmel/ATmega_DFP/1.2.209/gcc/dev/atmega32/avr5/crtatmega32.o (exit)
c:/program files (x86)/atmel/studio/7.0/toolchain/avr8/avr8-gnu-toolchain/bin/../lib/gcc/avr/5.4.0/avr5\libgcc.a(_tablejump2.o)
                              ECUAL/Lcd/Src/lcd.o (__tablejump2__)
c:/program files (x86)/atmel/studio/7.0/toolchain/avr8/avr8-gnu-toolchain/bin/../lib/gcc/avr/5.4.0/avr5\libgcc.a(_copy_data.o)
                              APP/Tasks/Src/User_stroy_1.o (__do_copy_data)
c:/program files (x86)/atmel/studio/7.0/toolchain/avr8/avr8-gnu-toolchain/bin/../lib/gcc/avr/5.4.0/avr5\libgcc.a(_clear_bss.o)
                              APP/Tasks/Src/User_stroy_1.o (__do_clear_bss)
c:/program files (x86)/atmel/studio/7.0/toolchain/avr8/avr8-gnu-toolchain/bin/../lib/gcc/avr/5.4.0/../../../../avr/lib/avr5\libc.a(memcpy.o)
                              Firmware/FreeRTOS/Src/queue.o (memcpy)
c:/program files (x86)/atmel/studio/7.0/toolchain/avr8/avr8-gnu-toolchain/bin/../lib/gcc/avr/5.4.0/../../../../avr/lib/avr5\libc.a(itoa_ncheck.o)
                              ECUAL/Lcd/Src/lcd.o (__itoa_ncheck)
c:/program files (x86)/atmel/studio/7.0/toolchain/avr8/avr8-gnu-toolchain/bin/../lib/gcc/avr/5.4.0/../../../../avr/lib/avr5\libc.a(utoa_ncheck.o)
                              c:/program files (x86)/atmel/studio/7.0/toolchain/avr8/avr8-gnu-toolchain/bin/../lib/gcc/avr/5.4.0/../../../../avr/lib/avr5\libc.a(itoa_ncheck.o) (__utoa_common)
c:/program files (x86)/atmel/studio/7.0/toolchain/avr8/avr8-gnu-toolchain/bin/../lib/gcc/avr/5.4.0/../../../../avr/lib/avr5\libc.a(strrev.o)
                              c:/program files (x86)/atmel/studio/7.0/toolchain/avr8/avr8-gnu-toolchain/bin/../lib/gcc/avr/5.4.0/../../../../avr/lib/avr5\libc.a(utoa_ncheck.o) (strrev)

Allocating common symbols
Common symbol       size              file

gQueueHandle_ButtonInf
                    0x2               APP/Tasks/Src/User_stroy_1.o

Discarded input sections

 .data          0x00000000        0x0 C:/Program Files (x86)/Atmel/Studio/7.0/Packs/atmel/ATmega_DFP/1.2.209/gcc/dev/atmega32/avr5/crtatmega32.o
 .bss           0x00000000        0x0 C:/Program Files (x86)/Atmel/Studio/7.0/Packs/atmel/ATmega_DFP/1.2.209/gcc/dev/atmega32/avr5/crtatmega32.o
 .text          0x00000000        0x0 APP/Tasks/Src/User_stroy_1.o
 .data          0x00000000        0x0 APP/Tasks/Src/User_stroy_1.o
 .bss           0x00000000        0x0 APP/Tasks/Src/User_stroy_1.o
 .text          0x00000000        0x0 ECUAL/Button/Src/Button.o
 .data          0x00000000        0x0 ECUAL/Button/Src/Button.o
 .bss           0x00000000        0x0 ECUAL/Button/Src/Button.o
 .text          0x00000000        0x0 ECUAL/Lcd/Src/lcd.o
 .data          0x00000000        0x0 ECUAL/Lcd/Src/lcd.o
 .bss           0x00000000        0x0 ECUAL/Lcd/Src/lcd.o
 .text.LCD_printStringRowColumn
                0x00000000       0x3a ECUAL/Lcd/Src/lcd.o
 .text.LCD_IntToString
                0x00000000       0x3c ECUAL/Lcd/Src/lcd.o
 .text.LCD_Clear
                0x00000000        0x8 ECUAL/Lcd/Src/lcd.o
 .text.LCD_ClearArea
                0x00000000       0x5c ECUAL/Lcd/Src/lcd.o
 .bss.ls8_count.2059
                0x00000000        0x1 ECUAL/Lcd/Src/lcd.o
 .bss.state.2058
                0x00000000        0x1 ECUAL/Lcd/Src/lcd.o
 .bss.buff.2044
                0x00000000        0xa ECUAL/Lcd/Src/lcd.o
 .bss.state.2042
                0x00000000        0x1 ECUAL/Lcd/Src/lcd.o
 .bss.state.2034
                0x00000000        0x1 ECUAL/Lcd/Src/lcd.o
 .text          0x00000000        0x0 ECUAL/Led/Src/led.o
 .data          0x00000000        0x0 ECUAL/Led/Src/led.o
 .bss           0x00000000        0x0 ECUAL/Led/Src/led.o
 .text.Leds_Off
                0x00000000        0xc ECUAL/Led/Src/led.o
 .text          0x00000000        0x0 Firmware/FreeRTOS/Src/croutine.o
 .data          0x00000000        0x0 Firmware/FreeRTOS/Src/croutine.o
 .bss           0x00000000        0x0 Firmware/FreeRTOS/Src/croutine.o
 .debug_info    0x00000000       0x64 Firmware/FreeRTOS/Src/croutine.o
 .debug_abbrev  0x00000000       0x26 Firmware/FreeRTOS/Src/croutine.o
 .debug_aranges
                0x00000000       0x18 Firmware/FreeRTOS/Src/croutine.o
 .debug_line    0x00000000       0x1a Firmware/FreeRTOS/Src/croutine.o
 .debug_str     0x00000000      0x1b7 Firmware/FreeRTOS/Src/croutine.o
 .comment       0x00000000       0x31 Firmware/FreeRTOS/Src/croutine.o
 .text          0x00000000        0x0 Firmware/FreeRTOS/Src/event_groups.o
 .data          0x00000000        0x0 Firmware/FreeRTOS/Src/event_groups.o
 .bss           0x00000000        0x0 Firmware/FreeRTOS/Src/event_groups.o
 .text.xEventGroupCreate
                0x00000000       0x26 Firmware/FreeRTOS/Src/event_groups.o
 .text.xEventGroupWaitBits
                0x00000000      0x110 Firmware/FreeRTOS/Src/event_groups.o
 .text.xEventGroupClearBits
                0x00000000       0x1e Firmware/FreeRTOS/Src/event_groups.o
 .text.xEventGroupGetBitsFromISR
                0x00000000        0x8 Firmware/FreeRTOS/Src/event_groups.o
 .text.xEventGroupSetBits
                0x00000000       0xdc Firmware/FreeRTOS/Src/event_groups.o
 .text.xEventGroupSync
                0x00000000       0xd2 Firmware/FreeRTOS/Src/event_groups.o
 .text.vEventGroupDelete
                0x00000000       0x32 Firmware/FreeRTOS/Src/event_groups.o
 .text.vEventGroupSetBitsCallback
                0x00000000        0x8 Firmware/FreeRTOS/Src/event_groups.o
 .text.vEventGroupClearBitsCallback
                0x00000000        0x8 Firmware/FreeRTOS/Src/event_groups.o
 .debug_info    0x00000000      0x90b Firmware/FreeRTOS/Src/event_groups.o
 .debug_abbrev  0x00000000      0x20c Firmware/FreeRTOS/Src/event_groups.o
 .debug_loc     0x00000000      0xb78 Firmware/FreeRTOS/Src/event_groups.o
 .debug_aranges
                0x00000000       0x60 Firmware/FreeRTOS/Src/event_groups.o
 .debug_ranges  0x00000000       0x68 Firmware/FreeRTOS/Src/event_groups.o
 .debug_line    0x00000000      0x3c3 Firmware/FreeRTOS/Src/event_groups.o
 .debug_str     0x00000000      0x5cb Firmware/FreeRTOS/Src/event_groups.o
 .comment       0x00000000       0x31 Firmware/FreeRTOS/Src/event_groups.o
 .debug_frame   0x00000000      0x158 Firmware/FreeRTOS/Src/event_groups.o
 .text          0x00000000        0x0 Firmware/FreeRTOS/Src/heap_1.o
 .data          0x00000000        0x0 Firmware/FreeRTOS/Src/heap_1.o
 .bss           0x00000000        0x0 Firmware/FreeRTOS/Src/heap_1.o
 .text.vPortInitialiseBlocks
                0x00000000        0xa Firmware/FreeRTOS/Src/heap_1.o
 .text.xPortGetFreeHeapSize
                0x00000000       0x12 Firmware/FreeRTOS/Src/heap_1.o
 .text          0x00000000        0x0 Firmware/FreeRTOS/Src/list.o
 .data          0x00000000        0x0 Firmware/FreeRTOS/Src/list.o
 .bss           0x00000000        0x0 Firmware/FreeRTOS/Src/list.o
 .text          0x00000000        0x0 Firmware/FreeRTOS/Src/port.o
 .data          0x00000000        0x0 Firmware/FreeRTOS/Src/port.o
 .bss           0x00000000        0x0 Firmware/FreeRTOS/Src/port.o
 .text.vPortEndScheduler
                0x00000000        0x2 Firmware/FreeRTOS/Src/port.o
 .text.vPortYieldFromTick
                0x00000000       0xb8 Firmware/FreeRTOS/Src/port.o
 .text          0x00000000        0x0 Firmware/FreeRTOS/Src/queue.o
 .data          0x00000000        0x0 Firmware/FreeRTOS/Src/queue.o
 .bss           0x00000000        0x0 Firmware/FreeRTOS/Src/queue.o
 .text.xQueueCreateMutex
                0x00000000       0x34 Firmware/FreeRTOS/Src/queue.o
 .text.xQueueGenericSendFromISR
                0x00000000       0x74 Firmware/FreeRTOS/Src/queue.o
 .text.xQueueGiveFromISR
                0x00000000       0x52 Firmware/FreeRTOS/Src/queue.o
 .text.xQueueSemaphoreTake
                0x00000000      0x194 Firmware/FreeRTOS/Src/queue.o
 .text.xQueuePeek
                0x00000000      0x12c Firmware/FreeRTOS/Src/queue.o
 .text.xQueueReceiveFromISR
                0x00000000       0x6e Firmware/FreeRTOS/Src/queue.o
 .text.xQueuePeekFromISR
                0x00000000       0x2e Firmware/FreeRTOS/Src/queue.o
 .text.uxQueueMessagesWaiting
                0x00000000       0x10 Firmware/FreeRTOS/Src/queue.o
 .text.uxQueueSpacesAvailable
                0x00000000       0x14 Firmware/FreeRTOS/Src/queue.o
 .text.uxQueueMessagesWaitingFromISR
                0x00000000        0x6 Firmware/FreeRTOS/Src/queue.o
 .text.vQueueDelete
                0x00000000        0x6 Firmware/FreeRTOS/Src/queue.o
 .text.xQueueIsQueueEmptyFromISR
                0x00000000        0xc Firmware/FreeRTOS/Src/queue.o
 .text.xQueueIsQueueFullFromISR
                0x00000000        0xe Firmware/FreeRTOS/Src/queue.o
 .text          0x00000000        0x0 Firmware/FreeRTOS/Src/stream_buffer.o
 .data          0x00000000        0x0 Firmware/FreeRTOS/Src/stream_buffer.o
 .bss           0x00000000        0x0 Firmware/FreeRTOS/Src/stream_buffer.o
 .text.prvBytesInBuffer
                0x00000000       0x26 Firmware/FreeRTOS/Src/stream_buffer.o
 .text.prvWriteBytesToBuffer
                0x00000000       0x92 Firmware/FreeRTOS/Src/stream_buffer.o
 .text.prvWriteMessageToBuffer
                0x00000000       0x82 Firmware/FreeRTOS/Src/stream_buffer.o
 .text.prvReadBytesFromBuffer
                0x00000000       0x9e Firmware/FreeRTOS/Src/stream_buffer.o
 .text.xStreamBufferGenericCreate
                0x00000000       0x5a Firmware/FreeRTOS/Src/stream_buffer.o
 .text.vStreamBufferDelete
                0x00000000       0x1a Firmware/FreeRTOS/Src/stream_buffer.o
 .text.xStreamBufferReset
                0x00000000       0x74 Firmware/FreeRTOS/Src/stream_buffer.o
 .text.xStreamBufferSetTriggerLevel
                0x00000000       0x22 Firmware/FreeRTOS/Src/stream_buffer.o
 .text.xStreamBufferSpacesAvailable
                0x00000000       0x24 Firmware/FreeRTOS/Src/stream_buffer.o
 .text.xStreamBufferBytesAvailable
                0x00000000        0x6 Firmware/FreeRTOS/Src/stream_buffer.o
 .text.xStreamBufferSend
                0x00000000      0x146 Firmware/FreeRTOS/Src/stream_buffer.o
 .text.xStreamBufferSendFromISR
                0x00000000       0x8c Firmware/FreeRTOS/Src/stream_buffer.o
 .text.xStreamBufferReceive
                0x00000000      0x148 Firmware/FreeRTOS/Src/stream_buffer.o
 .text.xStreamBufferNextMessageLengthBytes
                0x00000000       0x66 Firmware/FreeRTOS/Src/stream_buffer.o
 .text.xStreamBufferReceiveFromISR
                0x00000000       0xe6 Firmware/FreeRTOS/Src/stream_buffer.o
 .text.xStreamBufferIsEmpty
                0x00000000       0x16 Firmware/FreeRTOS/Src/stream_buffer.o
 .text.xStreamBufferIsFull
                0x00000000       0x2c Firmware/FreeRTOS/Src/stream_buffer.o
 .text.xStreamBufferSendCompletedFromISR
                0x00000000       0x46 Firmware/FreeRTOS/Src/stream_buffer.o
 .text.xStreamBufferReceiveCompletedFromISR
                0x00000000       0x46 Firmware/FreeRTOS/Src/stream_buffer.o
 .debug_info    0x00000000     0x137e Firmware/FreeRTOS/Src/stream_buffer.o
 .debug_abbrev  0x00000000      0x29b Firmware/FreeRTOS/Src/stream_buffer.o
 .debug_loc     0x00000000     0x1cde Firmware/FreeRTOS/Src/stream_buffer.o
 .debug_aranges
                0x00000000       0xb0 Firmware/FreeRTOS/Src/stream_buffer.o
 .debug_ranges  0x00000000       0xa0 Firmware/FreeRTOS/Src/stream_buffer.o
 .debug_line    0x00000000      0x76f Firmware/FreeRTOS/Src/stream_buffer.o
 .debug_str     0x00000000      0x7e3 Firmware/FreeRTOS/Src/stream_buffer.o
 .comment       0x00000000       0x31 Firmware/FreeRTOS/Src/stream_buffer.o
 .debug_frame   0x00000000      0x38c Firmware/FreeRTOS/Src/stream_buffer.o
 .text          0x00000000        0x0 Firmware/FreeRTOS/Src/tasks.o
 .data          0x00000000        0x0 Firmware/FreeRTOS/Src/tasks.o
 .bss           0x00000000        0x0 Firmware/FreeRTOS/Src/tasks.o
 .text.xTaskResumeFromISR
                0x00000000       0xae Firmware/FreeRTOS/Src/tasks.o
 .text.vTaskEndScheduler
                0x00000000        0xc Firmware/FreeRTOS/Src/tasks.o
 .text.xTaskGetTickCount
                0x00000000       0x14 Firmware/FreeRTOS/Src/tasks.o
 .text.xTaskGetTickCountFromISR
                0x00000000        0xa Firmware/FreeRTOS/Src/tasks.o
 .text.uxTaskGetNumberOfTasks
                0x00000000        0x6 Firmware/FreeRTOS/Src/tasks.o
 .text.pcTaskGetName
                0x00000000       0x10 Firmware/FreeRTOS/Src/tasks.o
 .text.vTaskPlaceOnUnorderedEventList
                0x00000000       0x32 Firmware/FreeRTOS/Src/tasks.o
 .text.vTaskRemoveFromUnorderedEventList
                0x00000000       0x70 Firmware/FreeRTOS/Src/tasks.o
 .text.vTaskSetTimeOutState
                0x00000000       0x20 Firmware/FreeRTOS/Src/tasks.o
 .text.xTaskGetCurrentTaskHandle
                0x00000000        0xa Firmware/FreeRTOS/Src/tasks.o
 .text.xTaskPriorityInherit
                0x00000000       0xe4 Firmware/FreeRTOS/Src/tasks.o
 .text.vTaskPriorityDisinheritAfterTimeout
                0x00000000       0xa0 Firmware/FreeRTOS/Src/tasks.o
 .text.uxTaskResetEventItemValue
                0x00000000       0x2e Firmware/FreeRTOS/Src/tasks.o
 .text.pvTaskIncrementMutexHeldCount
                0x00000000       0x24 Firmware/FreeRTOS/Src/tasks.o
 .text.ulTaskNotifyTake
                0x00000000       0xae Firmware/FreeRTOS/Src/tasks.o
 .text.xTaskNotifyWait
                0x00000000      0x108 Firmware/FreeRTOS/Src/tasks.o
 .text.xTaskGenericNotify
                0x00000000       0xec Firmware/FreeRTOS/Src/tasks.o
 .text.xTaskGenericNotifyFromISR
                0x00000000      0x120 Firmware/FreeRTOS/Src/tasks.o
 .text.vTaskNotifyGiveFromISR
                0x00000000       0xb4 Firmware/FreeRTOS/Src/tasks.o
 .text.xTaskNotifyStateClear
                0x00000000       0x28 Firmware/FreeRTOS/Src/tasks.o
 .text          0x00000000        0x0 Firmware/FreeRTOS/Src/timers.o
 .data          0x00000000        0x0 Firmware/FreeRTOS/Src/timers.o
 .bss           0x00000000        0x0 Firmware/FreeRTOS/Src/timers.o
 .debug_info    0x00000000       0x64 Firmware/FreeRTOS/Src/timers.o
 .debug_abbrev  0x00000000       0x26 Firmware/FreeRTOS/Src/timers.o
 .debug_aranges
                0x00000000       0x18 Firmware/FreeRTOS/Src/timers.o
 .debug_line    0x00000000       0x1a Firmware/FreeRTOS/Src/timers.o
 .debug_str     0x00000000      0x1b5 Firmware/FreeRTOS/Src/timers.o
 .comment       0x00000000       0x31 Firmware/FreeRTOS/Src/timers.o
 .text          0x00000000        0x0 main.o
 .data          0x00000000        0x0 main.o
 .bss           0x00000000        0x0 main.o
 .text          0x00000000        0x0 MCAL/GPIO/Src/gpio.o
 .data          0x00000000        0x0 MCAL/GPIO/Src/gpio.o
 .bss           0x00000000        0x0 MCAL/GPIO/Src/gpio.o
 .text.Gpio_PortDirection
                0x00000000       0x48 MCAL/GPIO/Src/gpio.o
 .text.Gpio_PortWrite
                0x00000000       0x20 MCAL/GPIO/Src/gpio.o
 .text.Gpio_PortToggle
                0x00000000       0x30 MCAL/GPIO/Src/gpio.o
 .text.Gpio_PortRead
                0x00000000       0x24 MCAL/GPIO/Src/gpio.o
 .text.Gpio_PinWrite
                0x00000000       0x50 MCAL/GPIO/Src/gpio.o
 .text.Gpio_UpperNibbleRead
                0x00000000       0x34 MCAL/GPIO/Src/gpio.o
 .text.Gpio_UpperNibbleToggle
                0x00000000       0x38 MCAL/GPIO/Src/gpio.o
 .text.Gpio_LowerNibbleDirection
                0x00000000       0x60 MCAL/GPIO/Src/gpio.o
 .text.Gpio_LowerNibbleWrite
                0x00000000       0x40 MCAL/GPIO/Src/gpio.o
 .text.Gpio_LowerNibbleToggle
                0x00000000       0x38 MCAL/GPIO/Src/gpio.o
 .text.Gpio_LowerNibbleRead
                0x00000000       0x2c MCAL/GPIO/Src/gpio.o
 .text          0x00000000        0x0 c:/program files (x86)/atmel/studio/7.0/toolchain/avr8/avr8-gnu-toolchain/bin/../lib/gcc/avr/5.4.0/avr5\libgcc.a(_exit.o)
 .data          0x00000000        0x0 c:/program files (x86)/atmel/studio/7.0/toolchain/avr8/avr8-gnu-toolchain/bin/../lib/gcc/avr/5.4.0/avr5\libgcc.a(_exit.o)
 .bss           0x00000000        0x0 c:/program files (x86)/atmel/studio/7.0/toolchain/avr8/avr8-gnu-toolchain/bin/../lib/gcc/avr/5.4.0/avr5\libgcc.a(_exit.o)
 .text.libgcc.mul
                0x00000000        0x0 c:/program files (x86)/atmel/studio/7.0/toolchain/avr8/avr8-gnu-toolchain/bin/../lib/gcc/avr/5.4.0/avr5\libgcc.a(_exit.o)
 .text.libgcc.div
                0x00000000        0x0 c:/program files (x86)/atmel/studio/7.0/toolchain/avr8/avr8-gnu-toolchain/bin/../lib/gcc/avr/5.4.0/avr5\libgcc.a(_exit.o)
 .text.libgcc   0x00000000        0x0 c:/program files (x86)/atmel/studio/7.0/toolchain/avr8/avr8-gnu-toolchain/bin/../lib/gcc/avr/5.4.0/avr5\libgcc.a(_exit.o)
 .text.libgcc.prologue
                0x00000000        0x0 c:/program files (x86)/atmel/studio/7.0/toolchain/avr8/avr8-gnu-toolchain/bin/../lib/gcc/avr/5.4.0/avr5\libgcc.a(_exit.o)
 .text.libgcc.builtins
                0x00000000        0x0 c:/program files (x86)/atmel/studio/7.0/toolchain/avr8/avr8-gnu-toolchain/bin/../lib/gcc/avr/5.4.0/avr5\libgcc.a(_exit.o)
 .text.libgcc.fmul
                0x00000000        0x0 c:/program files (x86)/atmel/studio/7.0/toolchain/avr8/avr8-gnu-toolchain/bin/../lib/gcc/avr/5.4.0/avr5\libgcc.a(_exit.o)
 .text.libgcc.fixed
                0x00000000        0x0 c:/program files (x86)/atmel/studio/7.0/toolchain/avr8/avr8-gnu-toolchain/bin/../lib/gcc/avr/5.4.0/avr5\libgcc.a(_exit.o)
 .text          0x00000000        0x0 c:/program files (x86)/atmel/studio/7.0/toolchain/avr8/avr8-gnu-toolchain/bin/../lib/gcc/avr/5.4.0/avr5\libgcc.a(_tablejump2.o)
 .data          0x00000000        0x0 c:/program files (x86)/atmel/studio/7.0/toolchain/avr8/avr8-gnu-toolchain/bin/../lib/gcc/avr/5.4.0/avr5\libgcc.a(_tablejump2.o)
 .bss           0x00000000        0x0 c:/program files (x86)/atmel/studio/7.0/toolchain/avr8/avr8-gnu-toolchain/bin/../lib/gcc/avr/5.4.0/avr5\libgcc.a(_tablejump2.o)
 .text.libgcc.mul
                0x00000000        0x0 c:/program files (x86)/atmel/studio/7.0/toolchain/avr8/avr8-gnu-toolchain/bin/../lib/gcc/avr/5.4.0/avr5\libgcc.a(_tablejump2.o)
 .text.libgcc.div
                0x00000000        0x0 c:/program files (x86)/atmel/studio/7.0/toolchain/avr8/avr8-gnu-toolchain/bin/../lib/gcc/avr/5.4.0/avr5\libgcc.a(_tablejump2.o)
 .text.libgcc.prologue
                0x00000000        0x0 c:/program files (x86)/atmel/studio/7.0/toolchain/avr8/avr8-gnu-toolchain/bin/../lib/gcc/avr/5.4.0/avr5\libgcc.a(_tablejump2.o)
 .text.libgcc.builtins
                0x00000000        0x0 c:/program files (x86)/atmel/studio/7.0/toolchain/avr8/avr8-gnu-toolchain/bin/../lib/gcc/avr/5.4.0/avr5\libgcc.a(_tablejump2.o)
 .text.libgcc.fmul
                0x00000000        0x0 c:/program files (x86)/atmel/studio/7.0/toolchain/avr8/avr8-gnu-toolchain/bin/../lib/gcc/avr/5.4.0/avr5\libgcc.a(_tablejump2.o)
 .text.libgcc.fixed
                0x00000000        0x0 c:/program files (x86)/atmel/studio/7.0/toolchain/avr8/avr8-gnu-toolchain/bin/../lib/gcc/avr/5.4.0/avr5\libgcc.a(_tablejump2.o)
 .text          0x00000000        0x0 c:/program files (x86)/atmel/studio/7.0/toolchain/avr8/avr8-gnu-toolchain/bin/../lib/gcc/avr/5.4.0/avr5\libgcc.a(_copy_data.o)
 .data          0x00000000        0x0 c:/program files (x86)/atmel/studio/7.0/toolchain/avr8/avr8-gnu-toolchain/bin/../lib/gcc/avr/5.4.0/avr5\libgcc.a(_copy_data.o)
 .bss           0x00000000        0x0 c:/program files (x86)/atmel/studio/7.0/toolchain/avr8/avr8-gnu-toolchain/bin/../lib/gcc/avr/5.4.0/avr5\libgcc.a(_copy_data.o)
 .text.libgcc.mul
                0x00000000        0x0 c:/program files (x86)/atmel/studio/7.0/toolchain/avr8/avr8-gnu-toolchain/bin/../lib/gcc/avr/5.4.0/avr5\libgcc.a(_copy_data.o)
 .text.libgcc.div
                0x00000000        0x0 c:/program files (x86)/atmel/studio/7.0/toolchain/avr8/avr8-gnu-toolchain/bin/../lib/gcc/avr/5.4.0/avr5\libgcc.a(_copy_data.o)
 .text.libgcc   0x00000000        0x0 c:/program files (x86)/atmel/studio/7.0/toolchain/avr8/avr8-gnu-toolchain/bin/../lib/gcc/avr/5.4.0/avr5\libgcc.a(_copy_data.o)
 .text.libgcc.prologue
                0x00000000        0x0 c:/program files (x86)/atmel/studio/7.0/toolchain/avr8/avr8-gnu-toolchain/bin/../lib/gcc/avr/5.4.0/avr5\libgcc.a(_copy_data.o)
 .text.libgcc.builtins
                0x00000000        0x0 c:/program files (x86)/atmel/studio/7.0/toolchain/avr8/avr8-gnu-toolchain/bin/../lib/gcc/avr/5.4.0/avr5\libgcc.a(_copy_data.o)
 .text.libgcc.fmul
                0x00000000        0x0 c:/program files (x86)/atmel/studio/7.0/toolchain/avr8/avr8-gnu-toolchain/bin/../lib/gcc/avr/5.4.0/avr5\libgcc.a(_copy_data.o)
 .text.libgcc.fixed
                0x00000000        0x0 c:/program files (x86)/atmel/studio/7.0/toolchain/avr8/avr8-gnu-toolchain/bin/../lib/gcc/avr/5.4.0/avr5\libgcc.a(_copy_data.o)
 .text          0x00000000        0x0 c:/program files (x86)/atmel/studio/7.0/toolchain/avr8/avr8-gnu-toolchain/bin/../lib/gcc/avr/5.4.0/avr5\libgcc.a(_clear_bss.o)
 .data          0x00000000        0x0 c:/program files (x86)/atmel/studio/7.0/toolchain/avr8/avr8-gnu-toolchain/bin/../lib/gcc/avr/5.4.0/avr5\libgcc.a(_clear_bss.o)
 .bss           0x00000000        0x0 c:/program files (x86)/atmel/studio/7.0/toolchain/avr8/avr8-gnu-toolchain/bin/../lib/gcc/avr/5.4.0/avr5\libgcc.a(_clear_bss.o)
 .text.libgcc.mul
                0x00000000        0x0 c:/program files (x86)/atmel/studio/7.0/toolchain/avr8/avr8-gnu-toolchain/bin/../lib/gcc/avr/5.4.0/avr5\libgcc.a(_clear_bss.o)
 .text.libgcc.div
                0x00000000        0x0 c:/program files (x86)/atmel/studio/7.0/toolchain/avr8/avr8-gnu-toolchain/bin/../lib/gcc/avr/5.4.0/avr5\libgcc.a(_clear_bss.o)
 .text.libgcc   0x00000000        0x0 c:/program files (x86)/atmel/studio/7.0/toolchain/avr8/avr8-gnu-toolchain/bin/../lib/gcc/avr/5.4.0/avr5\libgcc.a(_clear_bss.o)
 .text.libgcc.prologue
                0x00000000        0x0 c:/program files (x86)/atmel/studio/7.0/toolchain/avr8/avr8-gnu-toolchain/bin/../lib/gcc/avr/5.4.0/avr5\libgcc.a(_clear_bss.o)
 .text.libgcc.builtins
                0x00000000        0x0 c:/program files (x86)/atmel/studio/7.0/toolchain/avr8/avr8-gnu-toolchain/bin/../lib/gcc/avr/5.4.0/avr5\libgcc.a(_clear_bss.o)
 .text.libgcc.fmul
                0x00000000        0x0 c:/program files (x86)/atmel/studio/7.0/toolchain/avr8/avr8-gnu-toolchain/bin/../lib/gcc/avr/5.4.0/avr5\libgcc.a(_clear_bss.o)
 .text.libgcc.fixed
                0x00000000        0x0 c:/program files (x86)/atmel/studio/7.0/toolchain/avr8/avr8-gnu-toolchain/bin/../lib/gcc/avr/5.4.0/avr5\libgcc.a(_clear_bss.o)
 .text          0x00000000        0x0 c:/program files (x86)/atmel/studio/7.0/toolchain/avr8/avr8-gnu-toolchain/bin/../lib/gcc/avr/5.4.0/../../../../avr/lib/avr5\libc.a(memcpy.o)
 .data          0x00000000        0x0 c:/program files (x86)/atmel/studio/7.0/toolchain/avr8/avr8-gnu-toolchain/bin/../lib/gcc/avr/5.4.0/../../../../avr/lib/avr5\libc.a(memcpy.o)
 .bss           0x00000000        0x0 c:/program files (x86)/atmel/studio/7.0/toolchain/avr8/avr8-gnu-toolchain/bin/../lib/gcc/avr/5.4.0/../../../../avr/lib/avr5\libc.a(memcpy.o)
 .text          0x00000000        0x0 c:/program files (x86)/atmel/studio/7.0/toolchain/avr8/avr8-gnu-toolchain/bin/../lib/gcc/avr/5.4.0/../../../../avr/lib/avr5\libc.a(itoa_ncheck.o)
 .data          0x00000000        0x0 c:/program files (x86)/atmel/studio/7.0/toolchain/avr8/avr8-gnu-toolchain/bin/../lib/gcc/avr/5.4.0/../../../../avr/lib/avr5\libc.a(itoa_ncheck.o)
 .bss           0x00000000        0x0 c:/program files (x86)/atmel/studio/7.0/toolchain/avr8/avr8-gnu-toolchain/bin/../lib/gcc/avr/5.4.0/../../../../avr/lib/avr5\libc.a(itoa_ncheck.o)
 .text.avr-libc
                0x00000000       0x16 c:/program files (x86)/atmel/studio/7.0/toolchain/avr8/avr8-gnu-toolchain/bin/../lib/gcc/avr/5.4.0/../../../../avr/lib/avr5\libc.a(itoa_ncheck.o)
 .text          0x00000000        0x0 c:/program files (x86)/atmel/studio/7.0/toolchain/avr8/avr8-gnu-toolchain/bin/../lib/gcc/avr/5.4.0/../../../../avr/lib/avr5\libc.a(utoa_ncheck.o)
 .data          0x00000000        0x0 c:/program files (x86)/atmel/studio/7.0/toolchain/avr8/avr8-gnu-toolchain/bin/../lib/gcc/avr/5.4.0/../../../../avr/lib/avr5\libc.a(utoa_ncheck.o)
 .bss           0x00000000        0x0 c:/program files (x86)/atmel/studio/7.0/toolchain/avr8/avr8-gnu-toolchain/bin/../lib/gcc/avr/5.4.0/../../../../avr/lib/avr5\libc.a(utoa_ncheck.o)
 .text.avr-libc
                0x00000000       0x34 c:/program files (x86)/atmel/studio/7.0/toolchain/avr8/avr8-gnu-toolchain/bin/../lib/gcc/avr/5.4.0/../../../../avr/lib/avr5\libc.a(utoa_ncheck.o)
 .text          0x00000000        0x0 c:/program files (x86)/atmel/studio/7.0/toolchain/avr8/avr8-gnu-toolchain/bin/../lib/gcc/avr/5.4.0/../../../../avr/lib/avr5\libc.a(strrev.o)
 .data          0x00000000        0x0 c:/program files (x86)/atmel/studio/7.0/toolchain/avr8/avr8-gnu-toolchain/bin/../lib/gcc/avr/5.4.0/../../../../avr/lib/avr5\libc.a(strrev.o)
 .bss           0x00000000        0x0 c:/program files (x86)/atmel/studio/7.0/toolchain/avr8/avr8-gnu-toolchain/bin/../lib/gcc/avr/5.4.0/../../../../avr/lib/avr5\libc.a(strrev.o)
 .text.avr-libc
                0x00000000       0x20 c:/program files (x86)/atmel/studio/7.0/toolchain/avr8/avr8-gnu-toolchain/bin/../lib/gcc/avr/5.4.0/../../../../avr/lib/avr5\libc.a(strrev.o)

Memory Configuration

Name             Origin             Length             Attributes
text             0x00000000         0x00020000         xr
data             0x00800060         0x0000ffa0         rw !x
eeprom           0x00810000         0x00010000         rw !x
fuse             0x00820000         0x00000002         rw !x
lock             0x00830000         0x00000400         rw !x
signature        0x00840000         0x00000400         rw !x
user_signatures  0x00850000         0x00000400         rw !x
*default*        0x00000000         0xffffffff

Linker script and memory map

LOAD C:/Program Files (x86)/Atmel/Studio/7.0/Packs/atmel/ATmega_DFP/1.2.209/gcc/dev/atmega32/avr5/crtatmega32.o
LOAD APP/Tasks/Src/User_stroy_1.o
LOAD ECUAL/Button/Src/Button.o
LOAD ECUAL/Lcd/Src/lcd.o
LOAD ECUAL/Led/Src/led.o
LOAD Firmware/FreeRTOS/Src/croutine.o
LOAD Firmware/FreeRTOS/Src/event_groups.o
LOAD Firmware/FreeRTOS/Src/heap_1.o
LOAD Firmware/FreeRTOS/Src/list.o
LOAD Firmware/FreeRTOS/Src/port.o
LOAD Firmware/FreeRTOS/Src/queue.o
LOAD Firmware/FreeRTOS/Src/stream_buffer.o
LOAD Firmware/FreeRTOS/Src/tasks.o
LOAD Firmware/FreeRTOS/Src/timers.o
LOAD main.o
LOAD MCAL/GPIO/Src/gpio.o
START GROUP
LOAD c:/program files (x86)/atmel/studio/7.0/toolchain/avr8/avr8-gnu-toolchain/bin/../lib/gcc/avr/5.4.0/../../../../avr/lib/avr5\libm.a
END GROUP
START GROUP
LOAD c:/program files (x86)/atmel/studio/7.0/toolchain/avr8/avr8-gnu-toolchain/bin/../lib/gcc/avr/5.4.0/avr5\libgcc.a
LOAD c:/program files (x86)/atmel/studio/7.0/toolchain/avr8/avr8-gnu-toolchain/bin/../lib/gcc/avr/5.4.0/../../../../avr/lib/avr5\libm.a
LOAD c:/program files (x86)/atmel/studio/7.0/toolchain/avr8/avr8-gnu-toolchain/bin/../lib/gcc/avr/5.4.0/../../../../avr/lib/avr5\libc.a
LOAD C:/Program Files (x86)/Atmel/Studio/7.0/Packs/atmel/ATmega_DFP/1.2.209/gcc/dev/atmega32/avr5\libatmega32.a
END GROUP
                0x00020000                __TEXT_REGION_LENGTH__ = DEFINED (__TEXT_REGION_LENGTH__)?__TEXT_REGION_LENGTH__:0x20000
                0x0000ffa0                __DATA_REGION_LENGTH__ = DEFINED (__DATA_REGION_LENGTH__)?__DATA_REGION_LENGTH__:0xffa0
                0x00010000                __EEPROM_REGION_LENGTH__ = DEFINED (__EEPROM_REGION_LENGTH__)?__EEPROM_REGION_LENGTH__:0x10000
                [0x00000002]                __FUSE_REGION_LENGTH__ = DEFINED (__FUSE_REGION_LENGTH__)?__FUSE_REGION_LENGTH__:0x400
                0x00000400                __LOCK_REGION_LENGTH__ = DEFINED (__LOCK_REGION_LENGTH__)?__LOCK_REGION_LENGTH__:0x400
                0x00000400                __SIGNATURE_REGION_LENGTH__ = DEFINED (__SIGNATURE_REGION_LENGTH__)?__SIGNATURE_REGION_LENGTH__:0x400
                0x00000400                __USER_SIGNATURE_REGION_LENGTH__ = DEFINED (__USER_SIGNATURE_REGION_LENGTH__)?__USER_SIGNATURE_REGION_LENGTH__:0x400

.hash
 *(.hash)

.dynsym
 *(.dynsym)

.dynstr
 *(.dynstr)

.gnu.version
 *(.gnu.version)

.gnu.version_d
 *(.gnu.version_d)

.gnu.version_r
 *(.gnu.version_r)

.rel.init
 *(.rel.init)

.rela.init
 *(.rela.init)

.rel.text
 *(.rel.text)
 *(.rel.text.*)
 *(.rel.gnu.linkonce.t*)

.rela.text
 *(.rela.text)
 *(.rela.text.*)
 *(.rela.gnu.linkonce.t*)

.rel.fini
 *(.rel.fini)

.rela.fini
 *(.rela.fini)

.rel.rodata
 *(.rel.rodata)
 *(.rel.rodata.*)
 *(.rel.gnu.linkonce.r*)

.rela.rodata
 *(.rela.rodata)
 *(.rela.rodata.*)
 *(.rela.gnu.linkonce.r*)

.rel.data
 *(.rel.data)
 *(.rel.data.*)
 *(.rel.gnu.linkonce.d*)

.rela.data
 *(.rela.data)
 *(.rela.data.*)
 *(.rela.gnu.linkonce.d*)

.rel.ctors
 *(.rel.ctors)

.rela.ctors
 *(.rela.ctors)

.rel.dtors
 *(.rel.dtors)

.rela.dtors
 *(.rela.dtors)

.rel.got
 *(.rel.got)

.rela.got
 *(.rela.got)

.rel.bss
 *(.rel.bss)

.rela.bss
 *(.rela.bss)

.rel.plt
 *(.rel.plt)

.rela.plt
 *(.rela.plt)

.text           0x00000000     0x1c64
 *(.vectors)
 .vectors       0x00000000       0x54 C:/Program Files (x86)/Atmel/Studio/7.0/Packs/atmel/ATmega_DFP/1.2.209/gcc/dev/atmega32/avr5/crtatmega32.o
                0x00000000                __vector_default
                0x00000000                __vectors
 *(.vectors)
 *(.progmem.gcc*)
 .progmem.gcc_sw_table.LCD_SendCommand
                0x00000054       0x10 ECUAL/Lcd/Src/lcd.o
 .progmem.gcc_sw_table.LCD_DisplayChar
                0x00000064       0x10 ECUAL/Lcd/Src/lcd.o
                0x00000074                . = ALIGN (0x2)
                0x00000074                __trampolines_start = .
 *(.trampolines)
 .trampolines   0x00000074        0x0 linker stubs
 *(.trampolines*)
                0x00000074                __trampolines_end = .
 *libprintf_flt.a:*(.progmem.data)
 *libc.a:*(.progmem.data)
 *(.progmem*)
                0x00000074                . = ALIGN (0x2)
 *(.jumptables)
 *(.jumptables*)
 *(.lowtext)
 *(.lowtext*)
                0x00000074                __ctors_start = .
 *(.ctors)
                0x00000074                __ctors_end = .
                0x00000074                __dtors_start = .
 *(.dtors)
                0x00000074                __dtors_end = .
 SORT(*)(.ctors)
 SORT(*)(.dtors)
 *(.init0)
 .init0         0x00000074        0x0 C:/Program Files (x86)/Atmel/Studio/7.0/Packs/atmel/ATmega_DFP/1.2.209/gcc/dev/atmega32/avr5/crtatmega32.o
                0x00000074                __init
 *(.init0)
 *(.init1)
 *(.init1)
 *(.init2)
 .init2         0x00000074        0xc C:/Program Files (x86)/Atmel/Studio/7.0/Packs/atmel/ATmega_DFP/1.2.209/gcc/dev/atmega32/avr5/crtatmega32.o
 *(.init2)
 *(.init3)
 *(.init3)
 *(.init4)
 .init4         0x00000080       0x16 c:/program files (x86)/atmel/studio/7.0/toolchain/avr8/avr8-gnu-toolchain/bin/../lib/gcc/avr/5.4.0/avr5\libgcc.a(_copy_data.o)
                0x00000080                __do_copy_data
 .init4         0x00000096       0x10 c:/program files (x86)/atmel/studio/7.0/toolchain/avr8/avr8-gnu-toolchain/bin/../lib/gcc/avr/5.4.0/avr5\libgcc.a(_clear_bss.o)
                0x00000096                __do_clear_bss
 *(.init4)
 *(.init5)
 *(.init5)
 *(.init6)
 *(.init6)
 *(.init7)
 *(.init7)
 *(.init8)
 *(.init8)
 *(.init9)
 .init9         0x000000a6        0x8 C:/Program Files (x86)/Atmel/Studio/7.0/Packs/atmel/ATmega_DFP/1.2.209/gcc/dev/atmega32/avr5/crtatmega32.o
 *(.init9)
 *(.text)
 .text          0x000000ae        0x4 C:/Program Files (x86)/Atmel/Studio/7.0/Packs/atmel/ATmega_DFP/1.2.209/gcc/dev/atmega32/avr5/crtatmega32.o
                0x000000ae                __vector_1
                0x000000ae                __vector_12
                0x000000ae                __bad_interrupt
                0x000000ae                __vector_6
                0x000000ae                __vector_3
                0x000000ae                __vector_11
                0x000000ae                __vector_13
                0x000000ae                __vector_17
                0x000000ae                __vector_19
                0x000000ae                __vector_5
                0x000000ae                __vector_4
                0x000000ae                __vector_9
                0x000000ae                __vector_2
                0x000000ae                __vector_15
                0x000000ae                __vector_8
                0x000000ae                __vector_14
                0x000000ae                __vector_10
                0x000000ae                __vector_16
                0x000000ae                __vector_18
                0x000000ae                __vector_20
                0x000000b2                . = ALIGN (0x2)
 *(.text.*)
 .text.req2_Button0_Task
                0x000000b2       0x58 APP/Tasks/Src/User_stroy_1.o
                0x000000b2                req2_Button0_Task
 .text.req2_Button1_Task
                0x0000010a       0x58 APP/Tasks/Src/User_stroy_1.o
                0x0000010a                req2_Button1_Task
 .text.req2_Lcd_Task
                0x00000162      0x236 APP/Tasks/Src/User_stroy_1.o
                0x00000162                req2_Lcd_Task
 .text.req2_Init_Task
                0x00000398       0x3c APP/Tasks/Src/User_stroy_1.o
                0x00000398                req2_Init_Task
 .text.req2_tasksCreation
                0x000003d4      0x10a APP/Tasks/Src/User_stroy_1.o
                0x000003d4                req2_tasksCreation
 .text.vApplicationTickHook
                0x000004de       0x22 APP/Tasks/Src/User_stroy_1.o
                0x000004de                vApplicationTickHook
 .text.BTN_Read
                0x00000500       0x66 ECUAL/Button/Src/Button.o
 .text.BTN_init
                0x00000566        0x6 ECUAL/Button/Src/Button.o
                0x00000566                BTN_init
 .text.BTN_Read_Undebounce
                0x0000056c       0x12 ECUAL/Button/Src/Button.o
                0x0000056c                BTN_Read_Undebounce
 .text.LCD_SendCommand
                0x0000057e       0xa0 ECUAL/Lcd/Src/lcd.o
                0x0000057e                LCD_SendCommand
 .text.LCD_init
                0x0000061e       0x98 ECUAL/Lcd/Src/lcd.o
                0x0000061e                LCD_init
 .text.LCD_DisplayChar
                0x000006b6       0xa0 ECUAL/Lcd/Src/lcd.o
                0x000006b6                LCD_DisplayChar
 .text.LCD_DisplayString
                0x00000756       0x32 ECUAL/Lcd/Src/lcd.o
                0x00000756                LCD_DisplayString
 .text.LCD_GoToRowColumn
                0x00000788       0x3a ECUAL/Lcd/Src/lcd.o
                0x00000788                LCD_GoToRowColumn
 .text.Leds_Init
                0x000007c2       0x16 ECUAL/Led/Src/led.o
                0x000007c2                Leds_Init
 .text.Leds_Toggle
                0x000007d8        0xa ECUAL/Led/Src/led.o
                0x000007d8                Leds_Toggle
 .text.Leds_On  0x000007e2        0xc ECUAL/Led/Src/led.o
                0x000007e2                Leds_On
 .text.pvPortMalloc
                0x000007ee       0x6a Firmware/FreeRTOS/Src/heap_1.o
                0x000007ee                pvPortMalloc
 .text.vPortFree
                0x00000858        0x2 Firmware/FreeRTOS/Src/heap_1.o
                0x00000858                vPortFree
 .text.vListInitialise
                0x0000085a       0x1c Firmware/FreeRTOS/Src/list.o
                0x0000085a                vListInitialise
 .text.vListInitialiseItem
                0x00000876        0x8 Firmware/FreeRTOS/Src/list.o
                0x00000876                vListInitialiseItem
 .text.vListInsertEnd
                0x0000087e       0x42 Firmware/FreeRTOS/Src/list.o
                0x0000087e                vListInsertEnd
 .text.vListInsert
                0x000008c0       0x62 Firmware/FreeRTOS/Src/list.o
                0x000008c0                vListInsert
 .text.uxListRemove
                0x00000922       0x4e Firmware/FreeRTOS/Src/list.o
                0x00000922                uxListRemove
 .text.pxPortInitialiseStack
                0x00000970       0xd8 Firmware/FreeRTOS/Src/port.o
                0x00000970                pxPortInitialiseStack
 .text.xPortStartScheduler
                0x00000a48       0x6a Firmware/FreeRTOS/Src/port.o
                0x00000a48                xPortStartScheduler
 .text.vPortYield
                0x00000ab2       0xb2 Firmware/FreeRTOS/Src/port.o
                0x00000ab2                vPortYield
 .text.__vector_7
                0x00000b64       0x48 Firmware/FreeRTOS/Src/port.o
                0x00000b64                __vector_7
 .text.prvIsQueueEmpty
                0x00000bac       0x16 Firmware/FreeRTOS/Src/queue.o
 .text.prvCopyDataToQueue
                0x00000bc2       0xbe Firmware/FreeRTOS/Src/queue.o
 .text.prvCopyDataFromQueue
                0x00000c80       0x34 Firmware/FreeRTOS/Src/queue.o
 .text.prvUnlockQueue
                0x00000cb4       0x9a Firmware/FreeRTOS/Src/queue.o
 .text.xQueueGenericReset
                0x00000d4e       0x84 Firmware/FreeRTOS/Src/queue.o
                0x00000d4e                xQueueGenericReset
 .text.xQueueGenericCreate
                0x00000dd2       0x5a Firmware/FreeRTOS/Src/queue.o
                0x00000dd2                xQueueGenericCreate
 .text.xQueueGenericSend
                0x00000e2c      0x132 Firmware/FreeRTOS/Src/queue.o
                0x00000e2c                xQueueGenericSend
 .text.xQueueReceive
                0x00000f5e      0x12c Firmware/FreeRTOS/Src/queue.o
                0x00000f5e                xQueueReceive
 .text.prvResetNextTaskUnblockTime
                0x0000108a       0x3e Firmware/FreeRTOS/Src/tasks.o
 .text.prvIdleTask
                0x000010c8        0x6 Firmware/FreeRTOS/Src/tasks.o
 .text.prvAddCurrentTaskToDelayedList
                0x000010ce       0xb0 Firmware/FreeRTOS/Src/tasks.o
 .text.xTaskCreate
                0x0000117e      0x212 Firmware/FreeRTOS/Src/tasks.o
                0x0000117e                xTaskCreate
 .text.vTaskResume
                0x00001390       0x8e Firmware/FreeRTOS/Src/tasks.o
                0x00001390                vTaskResume
 .text.vTaskStartScheduler
                0x0000141e       0x54 Firmware/FreeRTOS/Src/tasks.o
                0x0000141e                vTaskStartScheduler
 .text.vTaskSuspendAll
                0x00001472        0xc Firmware/FreeRTOS/Src/tasks.o
                0x00001472                vTaskSuspendAll
 .text.xTaskIncrementTick
                0x0000147e      0x152 Firmware/FreeRTOS/Src/tasks.o
                0x0000147e                xTaskIncrementTick
 .text.xTaskResumeAll
                0x000015d0       0xee Firmware/FreeRTOS/Src/tasks.o
                0x000015d0                xTaskResumeAll
 .text.vTaskDelay
                0x000016be       0x28 Firmware/FreeRTOS/Src/tasks.o
                0x000016be                vTaskDelay
 .text.vTaskSwitchContext
                0x000016e6       0xcc Firmware/FreeRTOS/Src/tasks.o
                0x000016e6                vTaskSwitchContext
 .text.vTaskSuspend
                0x000017b2       0xa4 Firmware/FreeRTOS/Src/tasks.o
                0x000017b2                vTaskSuspend
 .text.vTaskPlaceOnEventList
                0x00001856       0x24 Firmware/FreeRTOS/Src/tasks.o
                0x00001856                vTaskPlaceOnEventList
 .text.xTaskRemoveFromEventList
                0x0000187a       0x90 Firmware/FreeRTOS/Src/tasks.o
                0x0000187a                xTaskRemoveFromEventList
 .text.vTaskInternalSetTimeOutState
                0x0000190a       0x16 Firmware/FreeRTOS/Src/tasks.o
                0x0000190a                vTaskInternalSetTimeOutState
 .text.xTaskCheckForTimeOut
                0x00001920       0x6c Firmware/FreeRTOS/Src/tasks.o
                0x00001920                xTaskCheckForTimeOut
 .text.vTaskMissedYield
                0x0000198c        0x8 Firmware/FreeRTOS/Src/tasks.o
                0x0000198c                vTaskMissedYield
 .text.xTaskPriorityDisinherit
                0x00001994       0x80 Firmware/FreeRTOS/Src/tasks.o
                0x00001994                xTaskPriorityDisinherit
 .text.main     0x00001a14       0x22 main.o
                0x00001a14                main
 .text.Gpio_PinDirection
                0x00001a36       0x68 MCAL/GPIO/Src/gpio.o
                0x00001a36                Gpio_PinDirection
 .text.Gpio_PinWrite_Same_Value
                0x00001a9e       0x60 MCAL/GPIO/Src/gpio.o
                0x00001a9e                Gpio_PinWrite_Same_Value
 .text.Gpio_PinToggle
                0x00001afe       0x30 MCAL/GPIO/Src/gpio.o
                0x00001afe                Gpio_PinToggle
 .text.Gpio_PinRead
                0x00001b2e       0x5c MCAL/GPIO/Src/gpio.o
                0x00001b2e                Gpio_PinRead
 .text.Gpio_UpperNibbleDirection
                0x00001b8a       0x60 MCAL/GPIO/Src/gpio.o
                0x00001b8a                Gpio_UpperNibbleDirection
 .text.Gpio_UpperNibbleWrite
                0x00001bea       0x58 MCAL/GPIO/Src/gpio.o
                0x00001bea                Gpio_UpperNibbleWrite
 .text.libgcc   0x00001c42        0xc c:/program files (x86)/atmel/studio/7.0/toolchain/avr8/avr8-gnu-toolchain/bin/../lib/gcc/avr/5.4.0/avr5\libgcc.a(_tablejump2.o)
                0x00001c42                __tablejump2__
 .text.avr-libc
                0x00001c4e       0x12 c:/program files (x86)/atmel/studio/7.0/toolchain/avr8/avr8-gnu-toolchain/bin/../lib/gcc/avr/5.4.0/../../../../avr/lib/avr5\libc.a(memcpy.o)
                0x00001c4e                memcpy
                0x00001c60                . = ALIGN (0x2)
 *(.fini9)
 .fini9         0x00001c60        0x0 c:/program files (x86)/atmel/studio/7.0/toolchain/avr8/avr8-gnu-toolchain/bin/../lib/gcc/avr/5.4.0/avr5\libgcc.a(_exit.o)
                0x00001c60                _exit
                0x00001c60                exit
 *(.fini9)
 *(.fini8)
 *(.fini8)
 *(.fini7)
 *(.fini7)
 *(.fini6)
 *(.fini6)
 *(.fini5)
 *(.fini5)
 *(.fini4)
 *(.fini4)
 *(.fini3)
 *(.fini3)
 *(.fini2)
 *(.fini2)
 *(.fini1)
 *(.fini1)
 *(.fini0)
 .fini0         0x00001c60        0x4 c:/program files (x86)/atmel/studio/7.0/toolchain/avr8/avr8-gnu-toolchain/bin/../lib/gcc/avr/5.4.0/avr5\libgcc.a(_exit.o)
 *(.fini0)
                0x00001c64                _etext = .

.data           0x00800060       0x5e load address 0x00001c64
                0x00800060                PROVIDE (__data_start, .)
 *(.data)
 *(.data*)
 *(.gnu.linkonce.d*)
 *(.rodata)
 .rodata        0x00800060        0xa APP/Tasks/Src/User_stroy_1.o
 *(.rodata*)
 .rodata.str1.1
                0x0080006a       0x4e APP/Tasks/Src/User_stroy_1.o
                                 0x5f (size before relaxing)
 .rodata.str1.1
                0x008000b8        0x5 Firmware/FreeRTOS/Src/tasks.o
 *(.gnu.linkonce.r*)
                0x008000be                . = ALIGN (0x2)
 *fill*         0x008000bd        0x1 
                0x008000be                _edata = .
                0x008000be                PROVIDE (__data_end, .)

.bss            0x008000be      0x66b
                0x008000be                PROVIDE (__bss_start, .)
 *(.bss)
 *(.bss*)
 .bss.au32_Button1MessageDisplayingCounter.2394
                0x008000be        0x4 APP/Tasks/Src/User_stroy_1.o
 .bss.au8_Button1MessageDisplayingFlag.2395
                0x008000c2        0x1 APP/Tasks/Src/User_stroy_1.o
 .bss.au32_Button0MessageDisplayingCounter.2392
                0x008000c3        0x4 APP/Tasks/Src/User_stroy_1.o
 .bss.au8_Button0MessageDisplayingFlag.2393
                0x008000c7        0x1 APP/Tasks/Src/User_stroy_1.o
 .bss.gu8_TicksOverflowFlag
                0x008000c8        0x1 APP/Tasks/Src/User_stroy_1.o
 .bss.gu16_Ticks
                0x008000c9        0x2 APP/Tasks/Src/User_stroy_1.o
 .bss.req2_Button1_TaskHandler
                0x008000cb        0x2 APP/Tasks/Src/User_stroy_1.o
 .bss.req2_Button0_TaskHandler
                0x008000cd        0x2 APP/Tasks/Src/User_stroy_1.o
 .bss.req2_Init_TaskHandler
                0x008000cf        0x2 APP/Tasks/Src/User_stroy_1.o
 .bss.req2_Lcd_TaskHandler
                0x008000d1        0x2 APP/Tasks/Src/User_stroy_1.o
 .bss.BTN1Checking_counts.1804
                0x008000d3        0x1 ECUAL/Button/Src/Button.o
 .bss.BTN0Checking_counts.1803
                0x008000d4        0x1 ECUAL/Button/Src/Button.o
 .bss.i.2022    0x008000d5        0x1 ECUAL/Lcd/Src/lcd.o
 .bss.lsu8_DataState.2007
                0x008000d6        0x1 ECUAL/Lcd/Src/lcd.o
 .bss.lsu8_CmdState.1992
                0x008000d7        0x1 ECUAL/Lcd/Src/lcd.o
 .bss.u8_InitState.1980
                0x008000d8        0x1 ECUAL/Lcd/Src/lcd.o
 .bss.pucAlignedHeap.2085
                0x008000d9        0x2 Firmware/FreeRTOS/Src/heap_1.o
 .bss.xNextFreeByte
                0x008000db        0x2 Firmware/FreeRTOS/Src/heap_1.o
 .bss.ucHeap    0x008000dd      0x5dc Firmware/FreeRTOS/Src/heap_1.o
 .bss.uxSchedulerSuspended
                0x008006b9        0x1 Firmware/FreeRTOS/Src/tasks.o
 .bss.xIdleTaskHandle
                0x008006ba        0x2 Firmware/FreeRTOS/Src/tasks.o
 .bss.xNextTaskUnblockTime
                0x008006bc        0x2 Firmware/FreeRTOS/Src/tasks.o
 .bss.uxTaskNumber
                0x008006be        0x1 Firmware/FreeRTOS/Src/tasks.o
 .bss.xNumOfOverflows
                0x008006bf        0x1 Firmware/FreeRTOS/Src/tasks.o
 .bss.xYieldPending
                0x008006c0        0x1 Firmware/FreeRTOS/Src/tasks.o
 .bss.uxPendedTicks
                0x008006c1        0x1 Firmware/FreeRTOS/Src/tasks.o
 .bss.xSchedulerRunning
                0x008006c2        0x1 Firmware/FreeRTOS/Src/tasks.o
 .bss.uxTopReadyPriority
                0x008006c3        0x1 Firmware/FreeRTOS/Src/tasks.o
 .bss.xTickCount
                0x008006c4        0x2 Firmware/FreeRTOS/Src/tasks.o
 .bss.uxCurrentNumberOfTasks
                0x008006c6        0x1 Firmware/FreeRTOS/Src/tasks.o
 .bss.xSuspendedTaskList
                0x008006c7        0x9 Firmware/FreeRTOS/Src/tasks.o
 .bss.xPendingReadyList
                0x008006d0        0x9 Firmware/FreeRTOS/Src/tasks.o
 .bss.pxOverflowDelayedTaskList
                0x008006d9        0x2 Firmware/FreeRTOS/Src/tasks.o
 .bss.pxDelayedTaskList
                0x008006db        0x2 Firmware/FreeRTOS/Src/tasks.o
 .bss.xDelayedTaskList2
                0x008006dd        0x9 Firmware/FreeRTOS/Src/tasks.o
 .bss.xDelayedTaskList1
                0x008006e6        0x9 Firmware/FreeRTOS/Src/tasks.o
 .bss.pxReadyTasksLists
                0x008006ef       0x36 Firmware/FreeRTOS/Src/tasks.o
 .bss.pxCurrentTCB
                0x00800725        0x2 Firmware/FreeRTOS/Src/tasks.o
                0x00800725                pxCurrentTCB
 *(COMMON)
 COMMON         0x00800727        0x2 APP/Tasks/Src/User_stroy_1.o
                0x00800727                gQueueHandle_ButtonInf
                0x00800729                PROVIDE (__bss_end, .)
                0x00001c64                __data_load_start = LOADADDR (.data)
                0x00001cc2                __data_load_end = (__data_load_start + SIZEOF (.data))

.noinit         0x00800729        0x0
                [!provide]                PROVIDE (__noinit_start, .)
 *(.noinit*)
                [!provide]                PROVIDE (__noinit_end, .)
                0x00800729                _end = .
                [!provide]                PROVIDE (__heap_start, .)

.eeprom         0x00810000        0x0
 *(.eeprom*)
                0x00810000                __eeprom_end = .

.fuse
 *(.fuse)
 *(.lfuse)
 *(.hfuse)
 *(.efuse)

.lock
 *(.lock*)

.signature
 *(.signature*)

.user_signatures
 *(.user_signatures*)

.stab
 *(.stab)

.stabstr
 *(.stabstr)

.stab.excl
 *(.stab.excl)

.stab.exclstr
 *(.stab.exclstr)

.stab.index
 *(.stab.index)

.stab.indexstr
 *(.stab.indexstr)

.comment        0x00000000       0x30
 *(.comment)
 .comment       0x00000000       0x30 APP/Tasks/Src/User_stroy_1.o
                                 0x31 (size before relaxing)
 .comment       0x00000030       0x31 ECUAL/Button/Src/Button.o
 .comment       0x00000030       0x31 ECUAL/Lcd/Src/lcd.o
 .comment       0x00000030       0x31 ECUAL/Led/Src/led.o
 .comment       0x00000030       0x31 Firmware/FreeRTOS/Src/heap_1.o
 .comment       0x00000030       0x31 Firmware/FreeRTOS/Src/list.o
 .comment       0x00000030       0x31 Firmware/FreeRTOS/Src/port.o
 .comment       0x00000030       0x31 Firmware/FreeRTOS/Src/queue.o
 .comment       0x00000030       0x31 Firmware/FreeRTOS/Src/tasks.o
 .comment       0x00000030       0x31 main.o
 .comment       0x00000030       0x31 MCAL/GPIO/Src/gpio.o

.note.gnu.avr.deviceinfo
                0x00000000       0x3c
 .note.gnu.avr.deviceinfo
                0x00000000       0x3c C:/Program Files (x86)/Atmel/Studio/7.0/Packs/atmel/ATmega_DFP/1.2.209/gcc/dev/atmega32/avr5/crtatmega32.o

.note.gnu.build-id
 *(.note.gnu.build-id)

.debug
 *(.debug)

.line
 *(.line)

.debug_srcinfo
 *(.debug_srcinfo)

.debug_sfnames
 *(.debug_sfnames)

.debug_aranges  0x00000000      0x498
 *(.debug_aranges)
 .debug_aranges
                0x00000000       0x48 APP/Tasks/Src/User_stroy_1.o
 .debug_aranges
                0x00000048       0x30 ECUAL/Button/Src/Button.o
 .debug_aranges
                0x00000078       0x60 ECUAL/Lcd/Src/lcd.o
 .debug_aranges
                0x000000d8       0x38 ECUAL/Led/Src/led.o
 .debug_aranges
                0x00000110       0x38 Firmware/FreeRTOS/Src/heap_1.o
 .debug_aranges
                0x00000148       0x40 Firmware/FreeRTOS/Src/list.o
 .debug_aranges
                0x00000188       0x48 Firmware/FreeRTOS/Src/port.o
 .debug_aranges
                0x000001d0       0xc0 Firmware/FreeRTOS/Src/queue.o
 .debug_aranges
                0x00000290      0x148 Firmware/FreeRTOS/Src/tasks.o
 .debug_aranges
                0x000003d8       0x20 main.o
 .debug_aranges
                0x000003f8       0xa0 MCAL/GPIO/Src/gpio.o

.debug_pubnames
 *(.debug_pubnames)

.debug_info     0x00000000     0x53e9
 *(.debug_info .gnu.linkonce.wi.*)
 .debug_info    0x00000000      0x4e6 C:/Program Files (x86)/Atmel/Studio/7.0/Packs/atmel/ATmega_DFP/1.2.209/gcc/dev/atmega32/avr5/crtatmega32.o
 .debug_info    0x000004e6      0x7eb APP/Tasks/Src/User_stroy_1.o
 .debug_info    0x00000cd1      0x187 ECUAL/Button/Src/Button.o
 .debug_info    0x00000e58      0x78d ECUAL/Lcd/Src/lcd.o
 .debug_info    0x000015e5      0x1b1 ECUAL/Led/Src/led.o
 .debug_info    0x00001796      0x1a4 Firmware/FreeRTOS/Src/heap_1.o
 .debug_info    0x0000193a      0x2d8 Firmware/FreeRTOS/Src/list.o
 .debug_info    0x00001c12      0x263 Firmware/FreeRTOS/Src/port.o
 .debug_info    0x00001e75     0x15e2 Firmware/FreeRTOS/Src/queue.o
 .debug_info    0x00003457     0x1a4e Firmware/FreeRTOS/Src/tasks.o
 .debug_info    0x00004ea5      0x10c main.o
 .debug_info    0x00004fb1      0x438 MCAL/GPIO/Src/gpio.o

.debug_abbrev   0x00000000     0x1574
 *(.debug_abbrev)
 .debug_abbrev  0x00000000      0x4a3 C:/Program Files (x86)/Atmel/Studio/7.0/Packs/atmel/ATmega_DFP/1.2.209/gcc/dev/atmega32/avr5/crtatmega32.o
 .debug_abbrev  0x000004a3      0x1ca APP/Tasks/Src/User_stroy_1.o
 .debug_abbrev  0x0000066d      0x101 ECUAL/Button/Src/Button.o
 .debug_abbrev  0x0000076e      0x237 ECUAL/Lcd/Src/lcd.o
 .debug_abbrev  0x000009a5       0x98 ECUAL/Led/Src/led.o
 .debug_abbrev  0x00000a3d      0x11c Firmware/FreeRTOS/Src/heap_1.o
 .debug_abbrev  0x00000b59       0xff Firmware/FreeRTOS/Src/list.o
 .debug_abbrev  0x00000c58      0x16f Firmware/FreeRTOS/Src/port.o
 .debug_abbrev  0x00000dc7      0x2af Firmware/FreeRTOS/Src/queue.o
 .debug_abbrev  0x00001076      0x31c Firmware/FreeRTOS/Src/tasks.o
 .debug_abbrev  0x00001392       0xc1 main.o
 .debug_abbrev  0x00001453      0x121 MCAL/GPIO/Src/gpio.o

.debug_line     0x00000000     0x3263
 *(.debug_line .debug_line.* .debug_line_end)
 .debug_line    0x00000000      0x115 C:/Program Files (x86)/Atmel/Studio/7.0/Packs/atmel/ATmega_DFP/1.2.209/gcc/dev/atmega32/avr5/crtatmega32.o
 .debug_line    0x00000115      0x42f APP/Tasks/Src/User_stroy_1.o
 .debug_line    0x00000544      0x12b ECUAL/Button/Src/Button.o
 .debug_line    0x0000066f      0x491 ECUAL/Lcd/Src/lcd.o
 .debug_line    0x00000b00       0xce ECUAL/Led/Src/led.o
 .debug_line    0x00000bce      0x1cc Firmware/FreeRTOS/Src/heap_1.o
 .debug_line    0x00000d9a      0x1fc Firmware/FreeRTOS/Src/list.o
 .debug_line    0x00000f96      0x2b6 Firmware/FreeRTOS/Src/port.o
 .debug_line    0x0000124c      0xaab Firmware/FreeRTOS/Src/queue.o
 .debug_line    0x00001cf7      0xec4 Firmware/FreeRTOS/Src/tasks.o
 .debug_line    0x00002bbb       0xcc main.o
 .debug_line    0x00002c87      0x5dc MCAL/GPIO/Src/gpio.o

.debug_frame    0x00000000      0xcdc
 *(.debug_frame)
 .debug_frame   0x00000000       0xc4 APP/Tasks/Src/User_stroy_1.o
 .debug_frame   0x000000c4       0x4c ECUAL/Button/Src/Button.o
 .debug_frame   0x00000110       0xc4 ECUAL/Lcd/Src/lcd.o
 .debug_frame   0x000001d4       0x54 ECUAL/Led/Src/led.o
 .debug_frame   0x00000228       0x60 Firmware/FreeRTOS/Src/heap_1.o
 .debug_frame   0x00000288       0x88 Firmware/FreeRTOS/Src/list.o
 .debug_frame   0x00000310       0xbc Firmware/FreeRTOS/Src/port.o
 .debug_frame   0x000003cc      0x30c Firmware/FreeRTOS/Src/queue.o
 .debug_frame   0x000006d8      0x4ac Firmware/FreeRTOS/Src/tasks.o
 .debug_frame   0x00000b84       0x34 main.o
 .debug_frame   0x00000bb8      0x124 MCAL/GPIO/Src/gpio.o

.debug_str      0x00000000     0x1a0d
 *(.debug_str)
 .debug_str     0x00000000      0x196 C:/Program Files (x86)/Atmel/Studio/7.0/Packs/atmel/ATmega_DFP/1.2.209/gcc/dev/atmega32/avr5/crtatmega32.o
 .debug_str     0x00000196      0x54f APP/Tasks/Src/User_stroy_1.o
                                0x5a1 (size before relaxing)
 .debug_str     0x000006e5       0x65 ECUAL/Button/Src/Button.o
                                0x21b (size before relaxing)
 .debug_str     0x0000074a      0x18b ECUAL/Lcd/Src/lcd.o
                                0x365 (size before relaxing)
 .debug_str     0x000008d5       0x3e ECUAL/Led/Src/led.o
                                0x208 (size before relaxing)
 .debug_str     0x00000913       0xcc Firmware/FreeRTOS/Src/heap_1.o
                                0x267 (size before relaxing)
 .debug_str     0x000009df      0x15d Firmware/FreeRTOS/Src/list.o
                                0x2f6 (size before relaxing)
 .debug_str     0x00000b3c      0x11f Firmware/FreeRTOS/Src/port.o
                                0x2ef (size before relaxing)
 .debug_str     0x00000c5b      0x556 Firmware/FreeRTOS/Src/queue.o
                                0x8be (size before relaxing)
 .debug_str     0x000011b1      0x743 Firmware/FreeRTOS/Src/tasks.o
                                0xcb8 (size before relaxing)
 .debug_str     0x000018f4       0x11 main.o
                                0x1db (size before relaxing)
 .debug_str     0x00001905      0x108 MCAL/GPIO/Src/gpio.o
                                0x314 (size before relaxing)

.debug_loc      0x00000000     0x57da
 *(.debug_loc)
 .debug_loc     0x00000000      0x5a2 APP/Tasks/Src/User_stroy_1.o
 .debug_loc     0x000005a2       0xf0 ECUAL/Button/Src/Button.o
 .debug_loc     0x00000692      0x6d0 ECUAL/Lcd/Src/lcd.o
 .debug_loc     0x00000d62       0x84 ECUAL/Led/Src/led.o
 .debug_loc     0x00000de6       0xf1 Firmware/FreeRTOS/Src/heap_1.o
 .debug_loc     0x00000ed7      0x145 Firmware/FreeRTOS/Src/list.o
 .debug_loc     0x0000101c      0x36b Firmware/FreeRTOS/Src/port.o
 .debug_loc     0x00001387     0x1a2e Firmware/FreeRTOS/Src/queue.o
 .debug_loc     0x00002db5     0x1e32 Firmware/FreeRTOS/Src/tasks.o
 .debug_loc     0x00004be7       0x48 main.o
 .debug_loc     0x00004c2f      0xbab MCAL/GPIO/Src/gpio.o

.debug_macinfo
 *(.debug_macinfo)

.debug_weaknames
 *(.debug_weaknames)

.debug_funcnames
 *(.debug_funcnames)

.debug_typenames
 *(.debug_typenames)

.debug_varnames
 *(.debug_varnames)

.debug_pubtypes
 *(.debug_pubtypes)

.debug_ranges   0x00000000      0x4a8
 *(.debug_ranges)
 .debug_ranges  0x00000000       0x38 APP/Tasks/Src/User_stroy_1.o
 .debug_ranges  0x00000038       0x20 ECUAL/Button/Src/Button.o
 .debug_ranges  0x00000058       0x50 ECUAL/Lcd/Src/lcd.o
 .debug_ranges  0x000000a8       0x28 ECUAL/Led/Src/led.o
 .debug_ranges  0x000000d0       0x28 Firmware/FreeRTOS/Src/heap_1.o
 .debug_ranges  0x000000f8       0x30 Firmware/FreeRTOS/Src/list.o
 .debug_ranges  0x00000128       0x38 Firmware/FreeRTOS/Src/port.o
 .debug_ranges  0x00000160      0x140 Firmware/FreeRTOS/Src/queue.o
 .debug_ranges  0x000002a0      0x168 Firmware/FreeRTOS/Src/tasks.o
 .debug_ranges  0x00000408       0x10 main.o
 .debug_ranges  0x00000418       0x90 MCAL/GPIO/Src/gpio.o

.debug_macro
 *(.debug_macro)
OUTPUT(free RTOS challenge user story 1.elf elf32-avr)
LOAD linker stubs
